496a143ef4454083095f2792268914c5e7007c4e71c9ec0623c2b2b5952c324c
c817a73696340b86f5f135ad0cb2ee94376bdd2e6ef6d26b3cddead563d1f6d7
f137152e53a48bbba87a81e9ae695bfbf5c3198816cf446a427797c7a0835f84
341a080ebd6957ef80e0196f08b32dc41bc87d64b7e29a0b6be39a969c16d926
d7eb5d301f3acd66a0d583ef1d95018429cdf086b401693549dc462e43c3d4df
65341c33994632fd183504aab524316ddd848d2e10a9abc243b6b8968f3552a4
62fee1a119d8f0b16ece92b2d8e89e5a25ca2a6eec4b899e85e753b82bafa611
7bbd2a199b002524b6883df1f0a825f440e0fecf4a7187684940eea1d28e7890
f482b8bd5e12fe80eaf87389a1037341d14bf66cc8464d7fe4a86343c01de855
5b5255526941bfbb749ce470e9cfa739db6b1720a7b023954d7cc5b78b6bb6d4
cee6247aff408d6d555cb84bff449dc77e8e5f0a226c9d9560e6f9b10ec76746
8ed54eb33059bba72d2b363737689ff13253af349fbb42bd12854005919216c1
01652f4083bda05b0b188dfe39f9d70f56d839822c4e70e8ba1583832c74965b
eb42e984bf9d9271c31e999f56a65e7f07d729e62fbf88319b1d5fa719b4e682
88f240da2dfd44d5f56e251d22af7a4623326173e8d1309559806061045f6f03
