List 0: 
List 1: HI
List 1 has been removed.

Number of lists: 1
List 0
