List 0: hello -> 1 -> 2 -> 3.14 -> a
string -> int -> int -> float -> char
