List 0: 
Nested 1: {List 0}
Nested 2: Hi -> {List 0}
List 1: 
INVALID COMMAND: REMOVE
