Connection established with peer
Connected to:

1. 127.0.0.1:9000
Disconnected from peer
Not connected to any peers
