List 0: hello -> 1 -> 2 -> 3.14 -> a
List 1: hello world -> 20000.00
Number of lists: 2
List 0
List 1
