1. e370a823bf279694ddb22af800dcaad9, resources/pkgs/file1.data : INCOMPLETE
Package has been removed
No packages managed
