f6b5849b8aa40f61e2b80601b91ecb8038a9c34685dcf364b585e588b1fb14fb
ca3504fa2c8da11d2eaaff0c02b68e83b6f4e353eafd149a4be535eea96cb403
6d4ed50e00180bcaba679f2fb7b4e70a7fbfdeeb505f70e86bf172763b320b9a
8f02c026bf5521a728dbdffce2f7d1bd08f4c3a823ad6b3f443b4fbd9a65c0e1
ab694af765532205d8c9610a2e1647155e729106dc9e1c81b81df4eb35110250
ccf8eb92f7963819f9c50574aa6ba5effff26c6545e5b75d250106506d990b51
6f89b6a11859332fb1f778ec9cc0f6e3bfbc51066ae24ff2b7b13fca4117e6a9
cbfb701a9663e851abf5a7b6a05d8653925ee83852fcc7375bb47f188599745f
054f8cee37b3c2772fe690081e3911de57973191b09869992c01debfa5978cf5
2f8368ffca0f5e974062320aa3a0630a0d7d77551d274731e38b5f9fe8871776
77cd761e1c5ad84fb99c4350e19e5ad81b27b4743000fbc4f9a69f2af9815909
a6eaa895349ef3a7587f813cabfc29fc724a33d751a7bc666b01e8a2a1a06a27
b50dadc483e67bd9ceb274aab69fa62e34216c68fe195bee03a3deded31820e7
c6b1dfd91ec75a2b45c059318bbf87f820b312cfd9843bf91fd7b0b59311d3ba
da2c5c11d1d4504ea2c7172df0e64c9a260d3f84f8748683ad6013f7cce7a4c9
4439d95df94da5eb519db37cbd812492a8d6a10896ed187e73d23f1531855039
e083277bb2727f779fc439d4f5c1e7b177b44a266b15974c9a9a2905bec79b68
2a47ae18637e5b082faa3632131a944ecc098a664ab15b716986e509fe09d215
6466e0c60dc692ad013d92f189aafa82ebb98d80d90243c5647a932e6d19fb01
f9de53716a48a732e681c45e7fa480c887b710536bb3d24ac8562560af88b608
5ef1734dd0585af81b54b15126cf110c987265deac60da2b40bf3071145430e5
937ee61a0400002e3d905597279b3cc311022f307257dbf54b72f11544619452
d271d29f73e399e91c0075f967d2b98185483f5f6543d3a7d9157d54d490ac31
e507c7551a885fa34aa175969cedc701d566ef2304dcdeeb12ab85c5f767a619
91551094c39ce5dd748e9b39550f5ed4179bd509b52179812ec9b3f5d88a4a0c
6a7d21bff24853e0ee83b0560a5b9d51ae6f317b6ebf9c1e65d72c216593e020
6e9fd2f2772124ab670e28fe49492109add001fd01cfb299d91beb4d85b78322
e32179504181444ab3353b7c0cb97f0a30b9cfdd2d497526bc79f32ab561f825
37bb1e5894555d30efc6e711c5b9de563f4e3beb7f0f6153f55cae49a7d4240a
a4dd5cef43e41e845f90a99c0bea02b98ce1df3d2c4baa413ea047c45a1e2f47
6cba808be798796a047eb3a9e59cb4ba2b93f28e5a681d135b526b4c49167f65
682241cf820b962080403927054b5871c390c920d9476c335a0deab76bc1dc77
f3735921b28e674e515cb464694085c7e69f68a7b32a90253350f72c6943de96
6a2a95a0a58dc6a69353a8003b7a82d193a7fc85240ecfe0a700b0c66566a03a
cfe79ca10c112044b55037352e8acb05e564037bb3aaaebcd04b8808422421ca
1c1cc05749d133ed29070bcf085190141e7d821d1fc4e3e9eb007c98c3db383c
70d8d38366d129fcbbb1b2b7119d9ac5aed625bf2587a5facf115fbfcf3d1364
79f3049dff3b532a0fb8b89937cb692c364cbc266c4001d042fd51d2d3fb6390
68fb26b65c2ae1eed76c326d1215ae1ab529cd3ad36ea5da887fbca2ea8e1abf
3434efef4fb639888276e9baf37dfdd10fa8a560e05f81324b0ede578ec19099
e3a16bb7077aaa9e2ab07550e6a7848313aaf20e3e612e8af6ef2e7440b0553a
3f25ad60ad3914259860b865bca4f42dc5828d6e1ca08d2091c708f7e9d4ef7e
3a6218bf77910a714464cada446a5c6fa9c1b6105ba39eb1cf449ef5a489dc51
a04a5afe0a0d832173d1ed49d19c5b847ba5c37dc154fd4089f8430c6691892e
c6d195acc60b48ba6f12ea9b312fb20b58d166f22b0121a5e003e35b668d428e
fcbbed701973bf7c85c8c3395e972c1d5134bb9e7c8ac646eced6b6e1d22a4ea
7bef113c4e063b206cda3f8015f18d7077793c390a80895742ff255785f4d1a8
18ed3226fa05d47ba6aaaa3c291e4958107f8842f0ca45d0550b286340932f7c
ab09cf2ff1f23770d96bd9cb7c02ba2c68976205ac231575fc0ad8ffc218085d
381503b125efb3fe368bad59c156f8642ad21dbd46bda2aab277cb939c31b52a
88066877c11d491b13b9360b8d0d66ed26f783cef38a3a98e3e3d1f1f311633a
49e988da22ebe9b72ebb4b0c515e0b36515cc83c2bd732b414c54c0916463639
af76cf4deccb3f2c5d33c9812e13654c0bc278b965997e2a7fe397cdfba1b629
870380a12c2f9accffe1a8eedecde7b5877bfec73ec583190547bd265b5637fe
6cbd2df547469496302da8afdd0bf8b74aa052b6c62402d16b4b5429233dba07
388d3873668ee5db12db056183ea1a340af8dbc00263c4f1a5f963224bd52a3e
fbe1f0d1cdd7120dd20825a99e252ad6f0328d75cab5ac449858e32bb89b6a32
2eca26ed8cdc7f8e1dfa8a1a0fdfa616163aebe9f3d075f888ba710bf5be7dd0
d315e2a77e270ed6f4e2aa88a71675134d3048616570f9ed9aec2bde611a93bc
a4a070719e6ad8195ea0a71543e70a8aea72e883057e91ead5e821f06d4cb962
aae59975cd2579c9166d70a3734707b6104b5f9d06753b68d3da348839f6ca2d
36986dbcdf1a0396f1df9fbc093458eca8bfcbe0d6063f69669430aa0ec6023a
148698cca504a9671e603d4d67d3b1b99218fc8de67842243041604380c7c634
234bf295e34051f8d9f9e6ce32b821d67d56633810ffa5408d2377f2664e5dc5
b350f9ba725d9c1c0c44b70f0521c344147db658fcf6fbb26472ad2d7748de55
a9221727ecf6941c0c64755617dae367cbaf2db8e0a9f4401d2bf1b9188565a0
3e3b277d8f39b4ca3bf69c7e6094a48cdb789877bae5bf93616dc713908657d2
b01b39f11cc72f4647f54abcfadcee9ca7ab6164ef7c4691ceea9c8d3c9fa411
f3d729c4aafe4db15731d40e0ba2ac1e04dffda68e6dc1b128a1e42dcb053fd4
0eccf03f178db500c56aa896c315d0ff8283c02655fa657e08fe5b864fbdc0a2
f0cb0d62c82bd9c0b430f3f5d785500c77b181f8b3394d2c73b58baacadd3441
7727b7707d7efaf5d5cec5beb2bd6417f651c8cf8f3fc745fd56355295da7e87
dd0c5331d9b6396edd6559f1cbc53024ac94ca340766dfd1be5b02e074f1dd55
8aa7f0c2956c6018970abc6a82b60feff65ce29ecee84939ac8de94b7c3f195f
97a126cb281d2705679db7bd1b345782f02c21eca7e7debd36e61d2728759f44
7123e69b892c39ebc7a73614f1eb6276bc4df126efaca13fd950497a8a4886ac
531b70b181b12e9abbd9543fdf6d4aacf4a19750bf1ce631f440601c38dd6d7a
ef9fe2c6a11aa487fd7cd73460d18ee7f2ac17ed798d8979e0ce4c2fee732502
dc59ad2a8d20913c78230bf1f6cf066817ebc8b63b2bbc1e5cc1a112fb8fbc60
78806ea4a1cf70eb1ca07c1eb91ae714d7e90dffe95d7e2f83262f7e82bdf453
a78fd3b15e7c412e36afd66972afc8119ae4fede7dfa815e377050779274dc30
c223bc85a56d1febc02b911eae3a82d830c3dabb2f15939460c041292f2de5ae
ba5fdd4005ec3f6d597681f5cf0f4b9f4ac672150e41d8b632e812a0534a1d58
80f32f24b6c9f4c0a234aad8724d6dde1cdfc1daab98b18006bb921ad3e330b0
0923354780a1422e2d94cbe243c0a561461c7009840ef987da1b22ca4ef7a3d1
929c42a2180cea0fe0958454531f3a6cb26af83aefe1cc2d46c5badbf8456fd6
56638d3e3ce7d687dc4d6875e6c0ac10be38f69a79343e3e04be6e661ee9686f
21075162bc4886a1d75db755f8b17dbdd0243ab4b9615245325598c2c65f72e4
12cd046b1941ef2dc11bf964ed5d23b0a81833bdd83c7859bf10597a09afc869
e57a568e12c46bcc40ac8590b6b6754ddc744d7b233c46a8a0c2c652b1787689
fe60b9d4150edbdfb99646dbaefe70dd4037dced4d03bf1b88f5320991d3cec7
00cb5468bb731cb998b27dddf23c835506a50de178d998aa409d143bfa171717
dade8f9b76d9537c051dd0de5896a11772c6639977a06400ca3adefde0240e26
c526965d7a92e43903154833032518882cc23e1ea90922f6c29efb2f5223a5d6
fce3303538888378829acc9abb1aaed2a32d5dbcfcc3109884d3365489079f0f
2acd7ad34cfcc20e9bd7d09c5b3e47da3dbe62e83b6f82c04cc73df4f6483c66
beadaa120cdf197705fbcbcf02a354986d4d2156af88fc758a675a588639e864
74a0cca79c316d8851403fcb885ddcb4a8bb8e749dbea26a2b025874bec885a8
b93689c860068e500ebbcbee4cf550a08c38c1c731b4224e2a067ce3d5cccb45
8ea1a27a34d6d69ae8671bb7917e5614f2ed184cf6684f1843d9b1bd897e1dc2
d50db67dec907036979e1755cb4a2ba2f6a0061029d31cfd42119554eda11389
c62f07dbc79ea1261a8c1762649fb3374b21ee19986ad66765df425b98531948
53dd99ee23af404c66424185771ef488fca907b53e1b1d64964c51a5a225ac43
796de1c76d844095d8955e7cabe01ffc5d9824cfd1f81c551b3792f4f5f8fea9
749efc11194b036ac7bddd73f84c74321e6330b7977ee8f40d49bdff3250c935
d3904efb6cfc02c0416da8bd3c7d12f0e1e5e553b3a96e3a010fecf888fb2e85
b136b7d717e2c7432a2dafd0887aa1b61cedbac7c5036ee8f80f3162579580e7
f524187d6d9b161a55d22d895da82c86b615c7e7505357f92e4ffad2c911df7e
c180f877b73b30808ed00e6183073aff8d2cbd45778712b4c3ad0a99c3f6d40b
8c964fbf9f498faecfb71abc66fa2d6eada861148230d85fd888c4e42dac4846
a2c902c737ee7cf2205c7a917c67f88a65aac0660e8276ee3e9e2a79b7fe4c16
3692fa9454386d11c57aa131c8ab457e3d2006a51326a5283ab500de966269af
13effb94fafa4de63c092c233940919b7443df250cbb7e1cb0b676340f7470b0
79405a21b34df5f2e4e228a235bcb6cf2fd223cc8f6c3502d65674339aff6e30
82af3ff61c81b17de60c82c48560c71373285d305c7523a3d52a3a2a244bf8a2
d086ce0904e99370875366028c31ba23c7cbab4b3a2d75473e47ef21e6c5294a
f169b8a02d50c6164b955be461b42b1fcca4eb93e17503155089b9b64307ee60
57b18b2edb07222728f57e3d68f453d9b428ec98899a9183957f57442b4785f5
49883bead3d11e2a93cb3e6e2c2c711de94c15dacc5e7863c07c161232ef1ffe
de91383618afc31cab35356b2af3a1fd332773c6014036ed0eebf61f4ee4ad34
dd637501cfca8b51f1f8f51fe066aa11a33ed5d6677a0492fbb12cf694855bb9
61b7a853ac69e70edfacdcb99282714d155739ab0e60705487772c9ad2402cf5
5faad7c4fe920546a27aa1ccc08ebcd6eced7b14d09a00800221e92036fc72a2
7260ff461f732aa1f2fa55869a531a9b4abb32c4d8f0a5588b5f506004ac8423
feb13eaa817ca7157959498446ecc603dc43dbf58f49a632d6587ce8ad7a4a5d
b323b2549d75f180620ea185c8aa0df1f6b6c75d3508b490c0a9d9c34027d83f
0fbc08ce58a51f3a91a0d89b7806a33ec7e18b9f52892aa69c4f39e18378318f
7b46257ec942b1082113856c669bd237b6121d2391b6caeb4102bd0d656b1a64
7073a7b3a9131a0c1883cd7d32ff75928023ecd22dbd73f5958842a24d74b43a
247600e86e959cd2ffefb6010eacc05f5fb55949fcb8a0c0e88cdf598f63f7a2
09c19c7d9cd4cd2a3bae7ca4eda4946191cffb6a7097677e0758af84326f203d
aea0940ff4bea14a6dec03049213cf97ae4333c4a566fbcf6c2785ea670a3ba3
edd005455ef8344c0a37415725a93d308d31b4300a4b9a45c9e38bc308d6f349
bf3ffebaab93b34924b711fdbc10f2f7185794c40fb0c5f76ad598f46131bbc3
232241f6d1edf0c177f1d3b4c6968da1ee55e8d540e596715f0efa80d3df21a2
9f86743e7d21cdd32ff0f332a2b5a31171ab2d3a703fbd71933c37f0a61a8575
27e832293967a8b6086fd51c281e25a4f9bdfc6e79163f30d4357830ae01e2fd
1216e47c5e61594690ac0d4242c8b3237b84925d0e4dd75b5fb0b55a72acd6d7
45896d1909c793da0d72f58b7cf0bca82b4c39f4c9fa1a73faec16f7ed30b066
1c2d5720416ec31eb5b9a914905145a69b9a924d4eed18b9c211979e36cef1df
ca4aaa97ba2196fb987e8a37e15c0c58ec1f8b6646d696095575b458e2339daa
21faa87b651d136e17d39f671d0ccd2986e2ef8988d651c7d1f6cf4f0924406c
d23e4504143a31ab802bb388e6fdfa29c6d107cc48ca5fe7d0bd8e26d52e08c3
8531d072fcda914c71db0e9f07d7ef43807e107186c4ae426d32bb1defb8eec4
284709743362b604a9a94d3da9c4cd80074af8b879c205fbd28a2e9df052d165
6d0590033934e65ed8923cff4502d34da0551d2d60f58de7b3c58a1a772187d0
26488b939262853eeb2389ac9fcd26feb2a7972579a52a959b706bdd15d93946
fdc4d55de0b816d5350e8bfb58fe63a782312d9c068c41ccbaeda1bd7479d929
65a2650e85459b9937729233a7d57279eed5d34e9c81332da1f27414228a580a
a6767bdafb4f08923805ccfd098c0fa1463f23cd4b32e15121c5df1bdd53ac1d
8d8d5193f1fef9256d519045e312034c5ff2eb07c6ed9726d2fd521821427845
d700262c01d2342602c9463516d87b0f3d62f8f3351c97538dbf580305201342
e5f888b5766c3e624dbe63bc2c615c4e0884010264e029db71821f0441f2f120
46aadf00ccda31a38df290f401a9134f10f1904d4c0aa96f3e0911ec36e53cb9
1ef65f3b08f6f31b68cc2442701c557587656b44274b40b2764a383f881a1b57
fc614f70124f3ca9df6f3a845cd93e568fdd3faa73597bfcada0486c94d9ae84
b39d0ae728832de83bb332ffaf5872238642012f25c3a0bb3bd270a28e7b6d48
686bb0753d3ebac300157795b6c75d6a3ddc52916ae005c30860583bd0955075
de66eb2bfabef42a1c95f6cdb12e512675683cab7083b9c3d66e9776abf08b04
eca85102d868c2941662d51de957b264efc72b8a60b4ce9484355b22cc198476
299b6aaa49a28f28fae644b61d7176055b1036ffce7a45d2dc840e334b1dc506
9d93d00671d6aeaed19d27e0b4d261c7e09dbfd2a80706ef01b2131dae56444e
7f390b3dcbcd8f973767fc50bcebaec5156564b7f09768faf8eb7844129f8145
dc24e00a78cb8358248b59c835e540d342b3ecced0e40b557943e8dd82737fae
bb43f68324c5df18524c2b67612f366d9213fb6d12bce49d5d4415daf6adb5a5
5cab72e776e01c77e74259de3e851d42525a272e893f3018aec8a433d429d9ce
e9584fbf10e866b67843886a5539dd8c08c50f34e8c8259ce9d5455f23bb5411
c895de9baca19f98b9f4880f8cbaed6543bd13474128c3b19c8c835e94260aee
11739e0202f5cb70af2d6e0f2016a9b4a6d029e21e43f61bf8afd1d18cd64fdb
9f55c2522d83c4f172fa4ec86a99f59b5ba5dde9afcdd62d23aff95f72889c25
b86e2000faa9deccf1d58417dbc3e717249470d2ed91c9a8e41d7066b527c0c6
dc51ca9577cebc60a41f1110d48f97ba4867e5e3391f11a873027c22b4a8adfa
d1f2db06bd6257ee1480c90f5920f557078fa2d07904418ce9dc95578f59bd9d
9afab92fa7744feda9e341ba3e77f679e62843397e244e5463e7764e73a5de7c
bb5bb1a82e6ca1be394ae2216419401183cca4d18f272484cbc97f1af3c68190
bc44bf1b8c9920b0d0f67ddb87d297fb2c3057d74a16ff40d7d1b16ea7158c46
9cabb976f01cabab770329ba38fc2b362ad297c9aca74b2c6a4b7ab341c7a25a
b018d8483125c10f35e09f0693a958c57e53ed57269f11d9b98ed59392241b98
a3c678d70f2c69fe36981a494340b2fa87227a8ee2307bb0305dc8f389e07d94
817818db004bdf96be4a7acffbda969ced87aa138ce1c6b30d21103fc14553bd
f8299f47cddb4476ba51286f33f54ff6d54e1a0286c8da5f43d2a04bd028c519
e3ddc1429c8d4134af408d64d4d2b2fa0cbefe2bd061f388f2b59c6d58405804
9296171fa0de486fe9cb27279e3e4f4494095229a0b7bee66d10d3544027c6bd
369fe78e85a167ecf6b4fdb67e7685d7034b9b43421530851f59e2b383ff815c
c9a1fabb727ffad98801dc67ac1aab8060daa5203a7fe6b6720ff84e5d8f1679
709454865d8a8d635affac93a5b8ba9a173d0b0577c37dbbcf55bcf95e35ba5c
345b71f31a35a279a661463a5679a6a9d08f13f1751b1bb2ff8e74dc78828c6e
545af9479fcfb624d53fd1acbdba373ef74730b4cd362119f61085743b26ea03
96d5ef59ca677f4efa6d941d843bfba2cb45c558585d3ef594a9001db8031f8b
e4b73948bab032e79e6822c8f6c3df84316f690d7b2a29283dcb20ebb4970985
488cee40f7f042417e725b53630c87172ef4b17fb71fa65b0cf63a05e900711c
865ebbf94716f74ab43e7ba476cfe8c0bf398023fac18020adf9279bb693356f
cd6a6619b98227b04e56a977bd8ced7cf570bafd9d1a78d0e7fd33ea4c0239ff
52242a8c9cc882524c04dc25dfe1aeeb09d56fb958ac4af07a6e54c7c8c70c82
8f72329763ade859def3a403b0951e5c158f84cc93433758cc20e9d16075379b
f02dee5cbc5a9142782b465b82f6503772c9cd6bf2b0ed17ed8211d2e3678e08
73ddae2f5de945f931917e08a5b9239110825cf6a44165436de0466d862a43d2
e58a1b6e2975e2dbe6754525c879e70be6a179f84bd6002f5e84db77e297ec67
f21021b8bc889d74049f0e6a5d128bcf25d3228a91a74fdda962b61dac363b35
840196ce480c25b36ee642eeeaa604e8d6bfc30f53df0515ed083d1ea3ec6960
22dd6e04e4b7b25a25e4e133e5a8f3b7b2ea9f1700abb7ecfebbf50f056eb14c
5e02dbf7d39cbbe83b710efc7883956b68fbc52f22592b71d3a5a49aa5a7caa7
67195f8063e8d845326f9dd649aced1ce61c3da0c3873c3fc4132bf341af213d
d1167430961d02d91b1a5d9e953ff18e25645fcdf887919628e53535b5479034
ab4d535737a6fa3346e8110c74590ea3c7687572490501bf0c45caa8e3085a1e
e1c34398178b5d7af6744a3490daaf193806c45b590ba5ae4b21e49e39c0b6c1
c730292173ea8b3cabc77d71dfbf4a077f2a83c591d37220f5357f3da453b439
d4cce3d20eb24faf21ed4b398a26b7cddd96dc70c0c9785f6098f4561905ca71
db0b44b30f284c6bfbb62bdc292915827b88f4cef2f533d0f1458257bf41a8e4
216b7f0633473d7cacf7dfa077a3553a203219b8a8b20515789a2edfaed80299
5b6436feee1407619a99049d5a04fa70f8467550fa9694b1d2ee69b8747c1d1d
88b2ac0e7cf50a7cead5f2b79eeac0984b48563f1252c9ca1e7ad2ef508e80ad
777639d19c21d1fb16c3c61d90e5229b88af233ee7a9994863ddec39c2dc8deb
ce6bb62457ff7849789cc80a537990053eb42404c78a450c5c5b4548c8757f11
c3c1638bb9310d6b963f60e8b91a5b4d31cf72ebacf66f5cd413ce2471f03b73
0f772134aabe83e9d1d9d897fc85d5b5d7757f2d5acaeb9b6c57409b4253f5f8
7bde53e6370748e9ee30f50845ab3eef8a01fc378bbae3dce69fdfc0e59f1aee
e66e905f2c7a5e639cccc030d3cae84418394a482e8a3da9030d70600fe6f4d9
7914e312f39c52ada646c20488a20bbe4c308b30a0dca3ea3d8551d2d5471be5
91f176de6b82e049fca8fc2fe9ad0df6e1ffc9a63f27e212a2b3dbbb0a4deaf5
63290ac15ddc167faeeec052266326389b76408d167e496ae9c88cecaa3fb78d
c624ec3d3a628d9440f9df3ed208ff7723aadcd6e27a97e45d357d4bbd4b455c
b2a1918f2708808bc8b282557ba8770d90bb7641456dbbeeda04e32d17b80d59
72cbe9dca21501acf0f0d42577437072fb077e27f3356bbfc22ff6ce7c3d3cf6
e777277cf42c39251b5801ad90b09fd50d30f278de6d77e8b84f9935f0df810a
ce038d47fb4cda1c476a7d83a47de635ee2c559e6a73d4bc8630f6365bc1f1ef
9df953cb0458b1b61fb1949e1e2c4f97ce61b398304950a1c3f2d1b6acbbc318
f63caef3a588bdaf6f51dfd8f652682773fc1c7c69cc4e826bb5a1ca7e4907ad
3ad60d3dbff22b7209549bfda775234808721f5b42a2a33f6859c8f3fa65f683
974e4869901f2e076837d62fa97fff991d0dfa47825df1e1dc84e9fadf1b35c0
7eaa78e5eff9ebb2715ede9a1e2ef73e46d65b97930929de99f4fed8d25742e4
e4dcaad9ee9eebe7fe1176283bca4e9a8175268ddab63c05fec9f8b5b3b24198
4fa027d2fa56697fd73fa0204a7ef718a615b90d6cf3a228ed309dc940c78667
673f36104e3baa516676f5db6d2675108cfb8b58a72adff3adb46f991406ead5
13cd445974c220893dd5d52239e952a4ab3496949fbd010931aba79f443ba168
42483c5165b6590a76b63023fdf2866983f5ab4e4f427f01ed723fbf609582ed
a8ef37e77a504a9fe96b6b64102a61bf903887a7bcf9e543c4b856be6b5c3587
31affe02a026391ae6bf50ef13fd46fb16a0e04d5204c53b2d0dcd7dbc3e6ccb
3a16a106386457bc3508c901285992a1268eecd51badf9938225f87368cb34d8
6edd9f89e92a38a6aebf86774f6b81c550ac1ee5f30164fb47b69457e4015501
3ea3a0da0f6d3bc62ef595b99d9a64a85b3f24cb6fcf02516809be2ac7188f6f
3192eaec89b7ce3a26c5ddbe779e373aacbd7d884e4b1019000270a5284b38bb
6517828b6ee21d7436c549012ced9be574c74bbeb2cb5634f699890160ebcd79
fd1137480c975a8515a07c2987ba68a8fc38d295c553d01609789320837290d6
2274a2c8c3778f81ea90a71be3f8ba17044e1f2d2c95a46e60db7714556f3e13
73c44f4b40bdf9fe136802c582e7178683c76aff723c9bda297a8fab7a432ecf
cd4703821af87013ac59d623e7efb5c7097d27fd6274665cd587f27392d88aeb
1b63b5df750806e6c2a04b46b1d0afce1eb13d1a64784141aa84e73160c76f29
2a895c1b09afcf46197b9f23a229cd2f93e1e7553497a37d7637e8986fc09e78
fba201156fc7f36b66175ebfbbe49bceee66798858a1bf6b7ff3ded91d211463
b9b3e9af1f6f3867cf5baa55db1a9047cbc28efa4c3af376f01a7e287989cdb8
a109cad909a42cab544b8f5729ea1b81f84e50b4f19cad8be41c6e11395128bf
c86a68d7ea86a6041a506e91eb9debae107ba93e4e1e84d6c1953992970b670e
16ef5cf56cafc70ccf9487bc881783b476a5dbc808c4053a6c85f37df7415794
7ec3cfddcd7ddd9a5244133f8c8f2dfb7e7379ce57baa3f3cea881cf2bc23f79
4fd39f76053531c8c168c8a677aa771bdd71982db1f147e1da0a8029e9b99ce1
